<?php 
$mapdata="
9|9|Central_Coremanda|Aren_Mador|The_Coremanda_Forest||Deranbar|Aren_Mador||3|4|3|#
grass_trees_aU:|grass_trees_L:|grass_tree_pine2:|grass_2trees2:|grass_3treestrunk:|grass:|grass_trees_L:|grass_2trees3:|forest_two_aU:#
grass_trees_L:|building_grass_market_aUL:Marketplace|building_grass_market_UR:Marketplace|grass_3trees2:|grass:|grass:|building_grass_armory_aUL:|building_grass_armory_UR:|forest_two_L:#
grass_tree_pine:|building_grass_market_LL:Marketplace|building_grass_market_LR:Marketplace|grass:|building_grass_stable_aUL:Stable|building_grass_stable_UR:Stable|building_grass_armory_LL:|building_grass_armory_LR:|grass:#
edge_d_URLcurve_LR:|grass:|grass:|grass:|building_grass_stable_LL:Stable|building_grass_stable_LR:Stable|forest_large_tree3_aUL:|forest_large_tree3_UR:|grass:#
edge_d_URLcurve_aUL:|grass:|grass:|forest_large_tree1_aUL:|forest_large_tree1_UR:|grass_hut_left:|forest_large_tree3_LL:|forest_large_tree3_LR:|grass_cart1:#
edge_d_URLcurve_LL:|edge_d_URLcurve_LR:|farm_small_horz_farm1:|forest_large_tree1_LL:|forest_large_tree1_LR:|grass_3trees2:|grass_2trees_trunk:|grass:|grass_3treestrunk:#
water_basic:|building_grass_river_dock2_aUL:Dock|building_grass_river_dock2_UR:Dock|building_grass_bank_aUL:Bank|building_grass_bank_UR:Bank|grass_tree_pine2:|building_grass_blacksmith_aUL:Blacksmith|building_grass_blacksmith_UR:Blacksmith|grass_tree_pine:#
water_basic:|building_grass_river_dock2_LL:Dock|building_grass_river_dock2_LR:Dock|building_grass_bank_LL:Bank|building_grass_bank_LR:Bank|forest_two_aU:|building_grass_blacksmith_LL:Blacksmith|building_grass_blacksmith_LR:Blacksmith|grass_3trees2:#
water_basic:|edge_d_ULWbend_UR:|grass:|grass:|grass_tree_pine:|forest_two_L:|grass:|grass_3treestrunk:|grass_tree_pine2:
"; 
?>
