<?php 
$mapdata="
9|12|||Outer_Mainelle||Miereallen|Manetheren|Barashta|||2|#
water_shallow:|edge_water_waves_grass:|farm_small_vert_farm2:|grass_hut_left:|grass:|building_grass_inntavern_aUL:Tavern|building_grass_inntavern_UR:Tavern|forest_two_L:|grass_oak3:#
water_shallow:|edge_water_waves_grass:|grass_hut_right:|farm_flowers1:|grass_oak2:|building_grass_inntavern_LL:Tavern|building_grass_inntavern_LR:Tavern|building_grass_blacksmith_aUL:Blacksmith|building_grass_blacksmith_UR:Blacksmith#
water_shallow:|edge_water_waves_grass:|grass_oak1:|building_grass_market_aUL:Marketplace|building_grass_market_UR:Marketplace|grass:|grass:|building_grass_blacksmith_LL:Blacksmith|building_grass_blacksmith_LR:Blacksmith#
water_shallow:|edge_water_corner_1:|edge_grass_corner_1:|building_grass_market_LL:Marketplace|building_grass_market_LR:Marketplace|edge_grass_corner_2:|edge_water_down:|edge_water_down:|edge_water_down:#
water_shallow:|water_shallow:|edge_water_corner_1:|edge_water_down:|edge_water_down:|edge_water_corner_2:|water_shallow:|water_shallow:|water_shallow:#
water_shallow:|water_shallow:|water_shallow:|water_shallow:|water_shallow:|water_shallow:|edge_water_corner_4:|edge_water_up:|edge_water_corner_3:#
water_shallow:|water_shallow:|water_shallow:|edge_water_corner_4:|edge_water_up:|edge_water_up:|edge_grass_corner_4:|grass_oak3:|edge_grass_corner_3:#
water_shallow:|water_shallow:|edge_water_corner_4:|edge_grass_corner_4:|building_grass_bank_aUL:Bank|building_grass_bank_UR:Bank|grass_oak2:|building_grass_armory_aUL:|building_grass_armory_UR:#
water_shallow:|building_grass_ocean_dock1_aUL:Dock|building_grass_ocean_dock1_UR:Dock|building_grass_ocean_dock1_UFR:Dock|building_grass_bank_LL:Bank|building_grass_bank_LR:Bank|grass:|building_grass_armory_LL:|building_grass_armory_LR:#
water_shallow:|building_grass_ocean_dock1_LL:Dock|building_grass_ocean_dock1_LR:Dock|building_grass_ocean_dock1_LFR:Dock|forest_large_tree1_aUL:|forest_large_tree1_UR:|grass:|grass:|forest_two_aU:#
water_shallow:|building_grass_ocean_dock1_FLL:Dock|building_grass_ocean_dock1_FLR:Dock|building_grass_ocean_dock1_FLFR:Dock|forest_large_tree1_LL:|forest_large_tree1_LR:|building_grass_stable_aUL:Stable|building_grass_stable_UR:Stable|forest_two_L:#
water_shallow:|water_shallow:|edge_water_corner_1:|edge_grass_corner_1:|grass_hut_right:|grass_oak1:|building_grass_stable_LL:Stable|building_grass_stable_LR:Stable|grass:
"; 
?>
