<?php 
$mapdata="
12|12|The_Essenia_River_Crossing||||Dorelle_Caromon|Tar_Valon|Al-ap-cair-ap-rahienallen|2|||#
forest_UL:|forest_UR:|grass_3treestrunk:|edge_grass_waves_water:|water_shallow:|water_shallow:|edge_water_waves_grass:|farm_flowers1:|forest_two_L:|building_grass_blacksmith_aUL:Blacksmith|building_grass_blacksmith_UR:Blacksmith|forest_large_tree3_aUL:#
forest_ML:|forest_MR:|grass:|edge_grass_waves_water:|water_shallow:|building_grass_ocean_dock1_aUL:Dock|building_grass_ocean_dock1_UR:Dock|building_grass_ocean_dock1_UFR:Dock|farm_small_horz_farm2:|building_grass_blacksmith_LL:Blacksmith|building_grass_blacksmith_LR:Blacksmith|forest_large_tree3_LL:#
forest_LL:|building_grass_mayor_aUL:|building_grass_mayor_UR:|edge_grass_corner_3:|edge_water_corner_3:|building_grass_ocean_dock1_LL:Dock|building_grass_ocean_dock1_LR:Dock|building_grass_ocean_dock1_LFR:Dock|farm_small_vert_farm1:|grass:|forest_large_tree1_aUL:|forest_large_tree1_UR:#
forest_large_tree2_UR:|building_grass_mayor_LL:|building_grass_mayor_LR:|grass:|edge_grass_waves_water:|building_grass_ocean_dock1_FLL:Dock|building_grass_ocean_dock1_FLR:Dock|building_grass_ocean_dock1_FLFR:Dock|building_grass_inntavern_aUL:Tavern|building_grass_inntavern_UR:Tavern|forest_large_tree1_LL:|forest_large_tree1_LR:#
forest_large_tree2_LR:|grass:|building_grass_market_aUL:Marketplace|building_grass_market_UR:Marketplace|edge_grass_waves_water:|water_shallow:|edge_water_waves_grass:|grass_tree_pine:|building_grass_inntavern_LL:Tavern|building_grass_inntavern_LR:Tavern|building_grass_org_aUL:|building_grass_org_UR:#
building_grass_stable_aUL:Stable|building_grass_stable_UR:Stable|building_grass_market_LL:Marketplace|building_grass_market_LR:Marketplace|edge_grass_waves_water:|water_shallow:|edge_water_corner_1:|edge_grass_corner_1:|grass:|grass_tree_pine2:|building_grass_org_LL:|building_grass_org_LR:#
building_grass_stable_LL:Stable|building_grass_stable_LR:Stable|grass:|edge_grass_corner_2:|edge_water_corner_2:|edge_water_corner_4:|edge_water_corner_3:|edge_water_corner_1:|edge_water_down:|edge_water_down:|edge_grass_corner_1:|grass_3trees:#
farm_small_vert_farm3:|edge_grass_corner_2:|edge_water_down:|edge_water_corner_2:|edge_water_corner_4:|edge_grass_corner_4:|edge_grass_waves_water:|edge_water_corner_4:|edge_water_corner_3:|water_shallow:|edge_water_waves_grass:|grass:#
edge_grass_corner_2:|edge_water_corner_2:|edge_water_corner_4:|edge_water_up:|edge_grass_corner_4:|edge_grass_corner_2:|edge_water_corner_2:|edge_water_waves_grass:|edge_grass_waves_water:|water_shallow:|edge_water_corner_1:|edge_grass_corner_1:#
edge_grass_waves_water:|edge_water_corner_4:|edge_grass_corner_4:|grass:|grass_2trees:|edge_grass_waves_water:|edge_water_corner_4:|edge_grass_corner_4:|edge_grass_corner_3:|edge_water_corner_3:|water_shallow:|edge_water_corner_1:#
edge_grass_waves_water:|edge_water_waves_grass:|building_grass_armory_aUL:|building_grass_armory_UR:|edge_grass_corner_2:|edge_water_corner_2:|edge_water_waves_grass:|building_grass_bank_aUL:Bank|building_grass_bank_UR:Bank|edge_grass_waves_water:|edge_water_corner_4:|edge_water_corner_3:#
edge_water_corner_2:|edge_water_waves_grass:|building_grass_armory_LL:|building_grass_armory_LR:|edge_grass_waves_water:|edge_water_corner_4:|edge_grass_corner_4:|building_grass_bank_LL:Bank|building_grass_bank_LR:Bank|edge_grass_waves_water:|edge_water_waves_grass:|edge_grass_corner_3:
"; 
?>
